<?xml version="1.0" encoding="UTF-8"?>
<TestRun id="f2533d2c-1455-4951-929f-e1af93cf035b" name="richarv@RICHARV-PC 2014-04-11 22:50:54" runUser="richarv-PC\richarv" xmlns="http://microsoft.com/schemas/VisualStudio/TeamTest/2010">
  <TestSettings name="Default Test Settings" id="aed29a2b-d300-48fd-beb9-59e61d123bcc">
    <Deployment runDeploymentRoot="richarv_RICHARV-PC 2014-04-11 22_50_54">
      <DeploymentItem filename="C:\Users\richarv\Desktop\tripservice-kata\vb.net\TripServiceKata\TripServiceKataVB\bin\Debug\TripServiceKata.dll" />
    </Deployment>
    <Execution>
      <TestTypeSpecific />
      <AgentRule name="Execution Agents">
      </AgentRule>
    </Execution>
  </TestSettings>
  <Times creation="2014-04-11T22:50:54.0018378+01:00" queuing="2014-04-11T22:50:55.1785957+01:00" start="2014-04-11T22:50:55.3543769+01:00" finish="2014-04-11T22:51:21.8338691+01:00" />
  <ResultSummary outcome="Error">
    <Counters total="1" executed="1" error="0" failed="0" timeout="0" aborted="1" inconclusive="0" passedButRunAborted="0" notRunnable="0" notExecuted="0" disconnected="0" warning="0" passed="0" completed="0" inProgress="0" pending="0" />
    <RunInfos>
      <RunInfo computerName="RICHARV-PC" outcome="Error" timestamp="2014-04-11T22:51:21.8338691+01:00">
        <Text>Test host process exited unexpectedly.</Text>
      </RunInfo>
    </RunInfos>
  </ResultSummary>
  <TestDefinitions>
    <UnitTest name="Trip_Service" storage="c:\users\richarv\desktop\tripservice-kata\vb.net\tripservicekata\tripservicekatatests\bin\debug\tripservicekatatests.dll" id="fde1ed54-18bc-c325-e20b-86ca560733f9">
      <Execution id="4fad90b1-70b4-4153-b1b4-8717f7047d00" />
      <TestMethod codeBase="C:/Users/richarv/Desktop/tripservice-kata/vb.net/TripServiceKata/TripServiceKataTests/bin/Debug/TripServiceKataTests.DLL" adapterTypeName="Microsoft.VisualStudio.TestTools.TestTypes.Unit.UnitTestAdapter, Microsoft.VisualStudio.QualityTools.Tips.UnitTest.Adapter, Version=10.0.0.0, Culture=neutral, PublicKeyToken=b03f5f7f11d50a3a" className="TripServiceKataTests.TripServiceKata.Tests.TripServiceTest, TripServiceKataTests, Version=1.0.0.0, Culture=neutral, PublicKeyToken=null" name="Trip_Service" />
    </UnitTest>
  </TestDefinitions>
  <TestLists>
    <TestList name="Results Not in a List" id="8c84fa94-04c1-424b-9868-57a2d4851a1d" />
    <TestList name="All Loaded Results" id="19431567-8539-422a-85d7-44ee4e166bda" />
  </TestLists>
  <TestEntries>
    <TestEntry testId="fde1ed54-18bc-c325-e20b-86ca560733f9" executionId="4fad90b1-70b4-4153-b1b4-8717f7047d00" testListId="8c84fa94-04c1-424b-9868-57a2d4851a1d" />
  </TestEntries>
  <Results>
    <UnitTestResult executionId="4fad90b1-70b4-4153-b1b4-8717f7047d00" testId="fde1ed54-18bc-c325-e20b-86ca560733f9" testName="Trip_Service" computerName="RICHARV-PC" duration="00:00:26.4042969" startTime="2014-04-11T22:50:55.4295722+01:00" endTime="2014-04-11T22:51:21.8338691+01:00" testType="13cdc9d9-ddb5-4fa4-a97d-d965ccfc6d4b" outcome="Aborted" testListId="8c84fa94-04c1-424b-9868-57a2d4851a1d" relativeResultsDirectory="4fad90b1-70b4-4153-b1b4-8717f7047d00">
    </UnitTestResult>
  </Results>
</TestRun>